// Vitest Snapshot v1, https://vitest.dev/guide/snapshot.html

exports[`Homepage Component > matches the snapshot 1`] = `
<DocumentFragment>
    
  <div
    class="flex grow justify-center items-center bg-base-200"
  >
    <img
      alt="Bananazon!"
      class="block dark:hidden w-48 md:w-96"
      src="/src/assets/logo-black.png"
    />
    <img
      alt="Bananazon!"
      class="hidden dark:block w-48 md:w-96"
      src="/src/assets/logo-white.png"
    />
  </div>
</DocumentFragment>
`;
