// Vitest Snapshot v1, https://vitest.dev/guide/snapshot.html

exports[`ProductCard Component > snapshot 1`] = `
<DocumentFragment>
  <div
    class="card w-full max-w-xs bg-base-100 shadow-lg p-4"
  >
    <img
      alt="Sample Product"
      class="w-full h-40 object-cover mb-4 rounded-lg"
      src="https://via.placeholder.com/150"
    />
    <h5
      class="text-xl font-semibold mb-2"
    >
      Sample Product
    </h5>
    <span
      class="text-lg font-bold text-primary mb-2"
    >
      Price: $$19.99
    </span>
    <div
      class="flex items-center gap-2 mb-4"
    >
      <input
        aria-label="Quantity"
        class="input input-bordered w-16"
        min="1"
        type="number"
        value="1"
      />
      <span
        class="text-sm"
      >
        Qty
      </span>
    </div>
    <button
      class="btn btn-primary w-full"
      data-testid="add-to-cart"
      type="button"
    >
      Add to Cart
    </button>
  </div>
</DocumentFragment>
`;
