// Vitest Snapshot v1, https://vitest.dev/guide/snapshot.html

exports[`Shop Component > matches the snapshot 1`] = `
<DocumentFragment>
  <div
    class="bg-base-200 p-6"
  >
    <h1
      class="text-3xl font-bold text-center text-primary mb-6"
    >
      Bananas for Sale
    </h1>
    <div
      class="grid grid-cols-1 sm:grid-cols-2 md:grid-cols-3 lg:grid-cols-4 gap-6 min-h-[200px] flex items-center justify-center"
    >
      <div
        class="text-xl text-center col-span-full"
      >
        Loading products...
      </div>
    </div>
  </div>
</DocumentFragment>
`;
